// Jest Snapshot v1, https://goo.gl/fbAQLP

exports[`User Card component matches previous snapshots 1`] = `"<div data-testid=\\"actionsPopover\\"><button class=\\"MuiButtonBase-root MuiIconButton-root MuiIconButton-colorPrimary\\" tabindex=\\"0\\" type=\\"button\\" aria-label=\\"settings\\" variant=\\"contained\\"><span class=\\"MuiIconButton-label\\"><svg class=\\"MuiSvgIcon-root\\" focusable=\\"false\\" viewBox=\\"0 0 24 24\\" aria-hidden=\\"true\\" role=\\"presentation\\"><path d=\\"M12 8c1.1 0 2-.9 2-2s-.9-2-2-2-2 .9-2 2 .9 2 2 2zm0 2c-1.1 0-2 .9-2 2s.9 2 2 2 2-.9 2-2-.9-2-2-2zm0 6c-1.1 0-2 .9-2 2s.9 2 2 2 2-.9 2-2-.9-2-2-2z\\"></path></svg></span><span class=\\"MuiTouchRipple-root\\"></span></button></div>"`;
